http:///medicinedepartment.blogspot.com/
http:///medicinedepartment.blogspot.com/2016/
http:///medicinedepartment.blogspot.com/2016/11/
http:///medicinedepartment.blogspot.com/2016/12/
http:///medicinedepartment.blogspot.com/2018/
http:///medicinedepartment.blogspot.com/2018/01/
http:///medicinedepartment.blogspot.com/2018/11/
http:///medicinedepartment.blogspot.com/2019/
http:///medicinedepartment.blogspot.com/2019/01/
http:///medicinedepartment.blogspot.com/2019/02/
http:///medicinedepartment.blogspot.com/2020/
http:///medicinedepartment.blogspot.com/2020/01/
http:///medicinedepartment.blogspot.com/2020/02/
http:///medicinedepartment.blogspot.com/2020/05/
http:///medicinedepartment.blogspot.com/2020/06/
http:///medicinedepartment.blogspot.com/2020/07/
http:///medicinedepartment.blogspot.com/2020/08/
http:///medicinedepartment.blogspot.com/2020/09/
http:///medicinedepartment.blogspot.com/2020/10/
http:///medicinedepartment.blogspot.com/2020/11/
http:///medicinedepartment.blogspot.com/2020/12/
http:///medicinedepartment.blogspot.com/2021/
http:///medicinedepartment.blogspot.com/2021/01/
http:///medicinedepartment.blogspot.com/2021/02/
http:///medicinedepartment.blogspot.com/2021/03/
http:///medicinedepartment.blogspot.com/2021/04/
http:///medicinedepartment.blogspot.com/2021/05/
http:///medicinedepartment.blogspot.com/2021/06/
http:///medicinedepartment.blogspot.com/2021/07/
http:///medicinedepartment.blogspot.com/2021/08/
http:///medicinedepartment.blogspot.com/2021/09/
http:///medicinedepartment.blogspot.com/2021/10/
http:///medicinedepartment.blogspot.com/2021/11/
http:///medicinedepartment.blogspot.com/2021/12/
http:///medicinedepartment.blogspot.com/2022/
http:///medicinedepartment.blogspot.com/2022/01/
http:///medicinedepartment.blogspot.com/2022/02/
http:///medicinedepartment.blogspot.com/2022/03/
http:///medicinedepartment.blogspot.com/2022/04/
http:///medicinedepartment.blogspot.com/2022/05/
http:///medicinedepartment.blogspot.com/2022/06/
http:///medicinedepartment.blogspot.com/2022/07/
http:///medicinedepartment.blogspot.com/2022/08/
http:///medicinedepartment.blogspot.com/2022/09/
http:///medicinedepartment.blogspot.com/2022/10/
http:///medicinedepartment.blogspot.com/2022/11/
http:///medicinedepartment.blogspot.com/2022/12/
http:///medicinedepartment.blogspot.com/2022/12/bds-2019-batch-internal-assessment-and.html
http:///medicinedepartment.blogspot.com/2022/12/bds-2019-batch-internal-assessment-and.html#comment-form
http:///medicinedepartment.blogspot.com/2022/12/bds-2019-ii-internal-assessment.html
http:///medicinedepartment.blogspot.com/favicon.ico
http:///medicinedepartment.blogspot.com/feeds/posts/default
http:///medicinedepartment.blogspot.com/search
http:///medicinedepartment.blogspot.com/search?updated-max=2022-12-08T06:02:00-08:00&amp;max-results=7
https:///www.blogger.com/navbar.g?targetBlogID\x3d8488396154982012215\x26blogName\x3dMedicine+Department+\x26publishMode\x3dPUBLISH_MODE_BLOGSPOT\x26navbarType\x3dLIGHT\x26layoutType\x3dLAYOUTS\x26searchRoot\x3dhttps://medicinedepartment.blogspot.com/search\x26blogLocale\x3den\x26v\x3d2\x26homepageUrl\x3dhttp://medicinedepartment.blogspot.com/\x26vt\x3d6997009716488376168
