http:///medicinedepartment.blogspot.com/
http:///medicinedepartment.blogspot.com/2016/
http:///medicinedepartment.blogspot.com/2016/11/
http:///medicinedepartment.blogspot.com/2016/12/
http:///medicinedepartment.blogspot.com/2018/
http:///medicinedepartment.blogspot.com/2018/01/
http:///medicinedepartment.blogspot.com/2018/11/
http:///medicinedepartment.blogspot.com/2019/
http:///medicinedepartment.blogspot.com/2019/01/
http:///medicinedepartment.blogspot.com/2019/02/
http:///medicinedepartment.blogspot.com/2020/
http:///medicinedepartment.blogspot.com/2020/01/
http:///medicinedepartment.blogspot.com/2020/02/
http:///medicinedepartment.blogspot.com/2020/05/
http:///medicinedepartment.blogspot.com/2020/06/
http:///medicinedepartment.blogspot.com/2020/07/
http:///medicinedepartment.blogspot.com/2020/08/
http:///medicinedepartment.blogspot.com/2020/09/
http:///medicinedepartment.blogspot.com/2020/10/
http:///medicinedepartment.blogspot.com/2020/11/
http:///medicinedepartment.blogspot.com/2020/12/
http:///medicinedepartment.blogspot.com/2021/
http:///medicinedepartment.blogspot.com/2021/01/
http:///medicinedepartment.blogspot.com/2021/02/
http:///medicinedepartment.blogspot.com/2021/03/
http:///medicinedepartment.blogspot.com/2021/04/
http:///medicinedepartment.blogspot.com/2021/05/
http:///medicinedepartment.blogspot.com/2021/06/
http:///medicinedepartment.blogspot.com/2021/07/
http:///medicinedepartment.blogspot.com/2021/08/
http:///medicinedepartment.blogspot.com/2021/09/
http:///medicinedepartment.blogspot.com/2021/10/
http:///medicinedepartment.blogspot.com/2021/11/
http:///medicinedepartment.blogspot.com/2021/12/
http:///medicinedepartment.blogspot.com/2022/
http:///medicinedepartment.blogspot.com/2022/01/
http:///medicinedepartment.blogspot.com/2022/02/
http:///medicinedepartment.blogspot.com/2022/03/
http:///medicinedepartment.blogspot.com/2022/04/
http:///medicinedepartment.blogspot.com/2022/05/
http:///medicinedepartment.blogspot.com/2022/06/
http:///medicinedepartment.blogspot.com/2022/07/
http:///medicinedepartment.blogspot.com/2022/08/
http:///medicinedepartment.blogspot.com/2022/09/
http:///medicinedepartment.blogspot.com/2022/10/
http:///medicinedepartment.blogspot.com/2022/11/
http:///medicinedepartment.blogspot.com/2022/12/
http:///medicinedepartment.blogspot.com/2022/12/bds-2019-batch-internal-assessment-and.html
http:///medicinedepartment.blogspot.com/2022/12/bds-2019-batch-internal-assessment-and.html#comment-form
http:///medicinedepartment.blogspot.com/2022/12/bds-2019-ii-internal-assessment.html
http:///medicinedepartment.blogspot.com/favicon.ico
http:///medicinedepartment.blogspot.com/feeds/posts/default
http:///medicinedepartment.blogspot.com/search
http:///medicinedepartment.blogspot.com/search?updated-max=2022-12-08T06:02:00-08:00&amp;max-results=7
https:///www.blogger.com/navbar.g?targetBlogID\x3d8488396154982012215\x26blogName\x3dMedicine+Department+\x26publishMode\x3dPUBLISH_MODE_BLOGSPOT\x26navbarType\x3dLIGHT\x26layoutType\x3dLAYOUTS\x26searchRoot\x3dhttps://medicinedepartment.blogspot.com/search\x26blogLocale\x3den\x26v\x3d2\x26homepageUrl\x3dhttp://medicinedepartment.blogspot.com/\x26vt\x3d6997009716488376168
http://judeclinton80.blogspot.com 
http://harshinidasari1.blogspot.com
http://Sainathgurrala.blogspot.com
http://sushmitaaakaram03.blogspot.com/
https://adarshanarayana04.blogspot.com/
http://akankshasingh16.blogspot.com/2022/
http://maheshakula06.blogspot.com/2022/
https://alekyaemmadi.blogspot.com/?m=1
http://varshhareddy.blogspot.com/2022/11/
https://alugurisadika.blogspot.com/2022/
http://navyaannamaneni09.blogspot.com/
http://sushmaannarapu.blogspot.com
https://minhajateeba13.blogspot.com/
http://sphoorthi19.blogspot.com
https://httpsshivaniballepu.blogspot.com/
http://mounika16.blogspot.com/
http://generalmedicine22.blogspot.com/
http://bollusreechandana.blogspot.com/
https://httpskusumaharika.blogspot.com/
http://nitishadeekshitulu.blogspot.com/
http://pranathichiliveri.blogspot.com/
https://dachepallivaishnavi.blogspot.com/
http://
http://diguvavyshnavi.blogspot.com/2022/
http://sangeethareddy271.blogspot.com/
http://
https://saisowmith27.blogspot.com/?m=1
http://tejaswigundagani.blogspot.com/
https://
http://roopkala1992009.blogspot.com/2022/
http://Jakkojubhavani999.blogspot.com
https://ruthvikjambula.blogspot.com/2022/
https://josephineviolet35.blogspot.com/
http://mythrikalakonda40.blogspot.com/
http://bhavani37.blogspot.com
http://thanvisreekanduri.blogspot.com
http://saishashank37.blogspot.com/
https://tabassum40.blogspot.com/
http://httpssamyuktha.blogspot.com/2022/
http://koretejaswi42.blogspot.com/
https://28feb2022.blogspot.com/
http://mamtaagrawal44.blogspot.com/2022/
https://httpsashwini.blogspot.com/
https://manishachandika46.blogspot.com/
https://meghadandge2001.blogspot.com/
http://bhavanareddyno48.blogspot.com/
http://niharikagifty555.blogspot.com
http://adnanarafath.blogspot.com/2022/04/
http://deepikamunnelli.blogspot.com/2022/
https://amulyamuthyala.blogspot.com/?m=1
http://tejaswinadella.blogspot.com/2022/
https://54geetha.blogspot.com/2022/11/
http://nehatanyeem.blogspot.com/
http://pranavkumar2022.blogspot.com/2022/
http://nimratabassum.blogspot.com
https://harikrishna58.blogspot.com/2022/
http://ramyapotha7777.blogspot.com/
http://httpspujadurga.blogspot.com/2022/
http://mahithasharma.blogspot.com/2022/
http://renavarsha.blogspot.com/2022/11/
http://awalaruchitha.blogspot.com/2022/
http://amulyaseedarla64.blogspot.com/
https://
https://saiprasanna66.blogspot.com/2022/
https://kimsgm1027.blogspot.com/
http://maheen01.blogspot.com/2022/11/60-
http://rishitha69.blogspot.com/2022/10/
http://snehadodiya.blogspot.com/2022/10/
http://surashravya.blogspot.com/
https://www.blogger.com/blog/post/edit/
http://syedjunaid4195.blogspot.com/2022/
https://afifablog1.blogspot.com/2022/11/
http://75nandini.blogspot.com/2022/11/
https://https76vasavi.blogspot.com/
https://adityarollno75.blogspot.com/?m=1
https://78srimukhi.blogspot.com/?m=1
